// Jest Snapshot v1, https://goo.gl/fbAQLP

exports[`renders correctly 1`] = `
<div
  className="sc-bdVaJa lkTkYw"
>
  <h1>
    Foo
  </h1>
</div>
`;
